# serializer version: 1
# name: test_matmul
  tensor([[ 4.4703e-08,  1.4901e-08,  0.0000e+00, -1.1921e-07, -5.9605e-08,
            2.9802e-08,  0.0000e+00,  0.0000e+00, -2.9802e-08, -2.9802e-08,
            1.1921e-07,  0.0000e+00,  0.0000e+00,  0.0000e+00,  8.1956e-08,
            5.9605e-08]])
# ---
