# serializer version: 1
# name: test_linear
  tensor([[ 0.0000e+00,  0.0000e+00,  0.0000e+00,  1.4901e-08,  0.0000e+00,
            0.0000e+00, -5.9605e-08, -1.4901e-08,  2.9802e-08,  0.0000e+00,
            2.9802e-08,  0.0000e+00, -5.9605e-08,  2.9802e-08,  0.0000e+00,
            5.9605e-08]])
# ---
